// Jest Snapshot v1, https://goo.gl/fbAQLP

exports[`Center - snapshot test 1`] = `
<section
  className="Center-s1yx1lyo-0 lgKgCZ"
/>
`;
