// Jest Snapshot v1, https://goo.gl/fbAQLP

exports[`Page - snapshot test 1`] = `
<section
  className="Page-o0cu63-0 dlJkxw"
/>
`;
