// Jest Snapshot v1, https://goo.gl/fbAQLP

exports[`Html - snapshot test 1`] = `null`;
