// Jest Snapshot v1, https://goo.gl/fbAQLP

exports[`serverSideRender - snapshot test 1`] = `undefined`;
