// Jest Snapshot v1, https://goo.gl/fbAQLP

exports[`clientSideRender - snapshot test 1`] = `false`;
